C4 data: 11175713 tokens, vocab=100277
Computing unigram info...
NS-data: 3795283 / 11175586 windows above threshold (34.0% retention)
RSS: 1054 MB

Step 1: Training teacher (2 layers, 300 steps)...
  Teacher params: 26,757,888  RSS: 1152 MB
  [teacher] step 50: loss 9.1043
  [teacher] step 100: loss 8.7067
  [teacher] step 150: loss 8.2449
  [teacher] step 200: loss 8.2162
  [teacher] step 250: loss 8.4364
  [teacher] step 300: loss 7.7943
  Time: 170.8s  Final loss: 7.7943

Step 2: Saving teacher activations (50 sequences)...
  Teacher deleted. RSS: 1473 MB

Step 3: Building student (4 layers) and solving...
  Student params: 27,812,096  RSS: 1579 MB
  Solved q_0 -> q_0  lambda=0.923781  RSS: 1505 MB
  Solved k_0 -> k_0  lambda=0.923781  RSS: 1505 MB
  Solved v_0 -> v_0  lambda=0.923781  RSS: 1505 MB
  Solved c_0 -> c_0  lambda=0.338437  RSS: 1546 MB
  Solved f1_0 -> f1_0  lambda=0.969601  RSS: 1567 MB
  Solved f2_0 -> f2_0  lambda=0.096471  RSS: 1588 MB
  Solved q_1 -> q_1  lambda=0.917975  RSS: 1600 MB
  Solved k_1 -> k_1  lambda=0.917975  RSS: 1600 MB
  Solved v_1 -> v_1  lambda=0.917975  RSS: 1600 MB
  Solved c_1 -> c_1  lambda=0.206944  RSS: 1640 MB
  Solved f1_1 -> f1_1  lambda=0.968754  RSS: 1661 MB
  Solved f2_1 -> f2_1  lambda=0.042770  RSS: 1682 MB
  Solved q_2 -> q_1  lambda=0.915915  RSS: 1694 MB
  Solved k_2 -> k_1  lambda=0.915915  RSS: 1694 MB
  Solved v_2 -> v_1  lambda=0.915915  RSS: 1694 MB
  Solved c_2 -> c_1  lambda=0.207716  RSS: 1734 MB
  Solved f1_2 -> f1_1  lambda=0.970391  RSS: 1755 MB
  Solved f2_2 -> f2_1  lambda=0.042680  RSS: 1775 MB
  Solved q_3 -> q_1  lambda=0.917778  RSS: 1787 MB
  Solved k_3 -> k_1  lambda=0.917778  RSS: 1787 MB
  Solved v_3 -> v_1  lambda=0.917778  RSS: 1788 MB
  Solved c_3 -> c_1  lambda=0.207800  RSS: 1828 MB
  Solved f1_3 -> f1_1  lambda=0.971458  RSS: 1848 MB
  Solved f2_3 -> f2_1  lambda=0.042640  RSS: 1868 MB
  Solve time: 188.5s
  Analytical init loss: 9.3865

Step 4: Fine-tuning (75 steps)...
  [finetune] step 50: loss 8.6364
  Post fine-tune loss: 7.6173

Step 5: Saving checkpoint to /mnt/HIVE/NSTrainer/ns_chat_tiny.pt...
  Saved. RSS: 2059 MB

=== NS Chat Tiny Results ===

Teacher: 2 layers, 26,757,888 params, 300 steps
Student: 4 layers, 27,812,096 params
Solve time: 188.5s
Analytical init loss: 9.3865
Fine-tune loss (75 steps): 7.6173
Teacher loss: 7.6561

Ledoit-Wolf lambda per layer:
  q_0         lambda=0.923781
  k_0         lambda=0.923781
  v_0         lambda=0.923781
  c_0         lambda=0.338437
  f1_0        lambda=0.969601
  f2_0        lambda=0.096471
  q_1         lambda=0.917975
  k_1         lambda=0.917975
  v_1         lambda=0.917975
  c_1         lambda=0.206944
  f1_1        lambda=0.968754
  f2_1        lambda=0.042770
  q_2         lambda=0.915915
  k_2         lambda=0.915915
  v_2         lambda=0.915915
  c_2         lambda=0.207716
  f1_2        lambda=0.970391
  f2_2        lambda=0.042680
  q_3         lambda=0.917778
  k_3         lambda=0.917778
  v_3         lambda=0.917778
  c_3         lambda=0.207800
  f1_3        lambda=0.971458
  f2_3        lambda=0.042640
Results saved to /mnt/HIVE/NSTrainer/ns_chat_tiny_results.txt
