C4 data: 11593843 tokens, vocab=50257
Computing unigram info...
NS-data: 3459669 / 11593716 windows above threshold (29.8% retention)
RSS: 393 MB

Step 1: Training teacher (2 layers, 300 steps)...
  Teacher params: 13,952,768  RSS: 447 MB
  [teacher] step 100: loss 8.2789  time 38.2s  RSS 874 MB
  [teacher] step 200: loss 7.7486  time 78.0s  RSS 874 MB
  [teacher] step 300: loss 7.7719  time 118.9s  RSS 874 MB
  Time: 119.8s  Final loss: 7.7719
  Eval loss: 7.3727
  Saved teacher to /mnt/HIVE/NSTrainer/teacher_v2.pt

Step 2: Saving teacher activations (25 sequences)...
  Teacher deleted. RSS: 580 MB

Step 3: Building student (4 layers) and solving...
  Student params: 15,006,976  RSS: 637 MB
  Solved q_0 -> q_0  lambda=0.928046  RSS: 601 MB
  Solved k_0 -> k_0  lambda=0.928046  RSS: 602 MB
  Solved v_0 -> v_0  lambda=0.928046  RSS: 602 MB
  Solved c_0 -> c_0  lambda=0.314179  RSS: 622 MB
  Solved f1_0 -> f1_0  lambda=0.963180  RSS: 633 MB
  Solved f2_0 -> f2_0  lambda=0.097143  RSS: 644 MB
  Solved q_1 -> q_1  lambda=0.910686  RSS: 649 MB
  Solved k_1 -> k_1  lambda=0.910686  RSS: 649 MB
  Solved v_1 -> v_1  lambda=0.910686  RSS: 649 MB
  Solved c_1 -> c_1  lambda=0.151714  RSS: 669 MB
  Solved f1_1 -> f1_1  lambda=0.974070  RSS: 680 MB
  Solved f2_1 -> f2_1  lambda=0.045199  RSS: 691 MB
  Solved q_2 -> q_1  lambda=0.911253  RSS: 696 MB
  Solved k_2 -> k_1  lambda=0.911253  RSS: 696 MB
  Solved v_2 -> v_1  lambda=0.911253  RSS: 696 MB
  Solved c_2 -> c_1  lambda=0.152431  RSS: 716 MB
  Solved f1_2 -> f1_1  lambda=0.973678  RSS: 727 MB
  Solved f2_2 -> f2_1  lambda=0.045165  RSS: 738 MB
  Solved q_3 -> q_1  lambda=0.915409  RSS: 743 MB
  Solved k_3 -> k_1  lambda=0.915409  RSS: 743 MB
  Solved v_3 -> v_1  lambda=0.915409  RSS: 743 MB
  Solved c_3 -> c_1  lambda=0.151936  RSS: 763 MB
  Solved f1_3 -> f1_1  lambda=0.973522  RSS: 774 MB
  Solved f2_3 -> f2_1  lambda=0.045126  RSS: 785 MB
  Solve time: 55.2s
  Analytical init loss: 8.8257

Step 4: Fine-tuning (150 steps, checkpoint every 50)...
  [checkpoint] saved /mnt/HIVE/NSTrainer/student_v2_step50.pt
  [finetune] step 100: loss 7.8185  time 35.0s  RSS 1120 MB
  [checkpoint] saved /mnt/HIVE/NSTrainer/student_v2_step100.pt
  [checkpoint] saved /mnt/HIVE/NSTrainer/student_v2_step150.pt
  Post fine-tune loss: 7.2855

Step 5: Saving final checkpoint to /mnt/HIVE/NSTrainer/ns_chat_v2.pt...
  Saved. RSS: 930 MB

=== NS Chat v2 Results ===

Tokenizer: 4K BPE, vocab=50257
Teacher: 2 layers, 13,952,768 params, 300 steps
Student: 4 layers, 15,006,976 params
Solve time: 55.2s
Analytical init loss: 8.8257
Fine-tune loss (150 steps): 7.2855
Teacher loss: 7.3727

Ledoit-Wolf lambda per layer:
  q_0         lambda=0.928046
  k_0         lambda=0.928046
  v_0         lambda=0.928046
  c_0         lambda=0.314179
  f1_0        lambda=0.963180
  f2_0        lambda=0.097143
  q_1         lambda=0.910686
  k_1         lambda=0.910686
  v_1         lambda=0.910686
  c_1         lambda=0.151714
  f1_1        lambda=0.974070
  f2_1        lambda=0.045199
  q_2         lambda=0.911253
  k_2         lambda=0.911253
  v_2         lambda=0.911253
  c_2         lambda=0.152431
  f1_2        lambda=0.973678
  f2_2        lambda=0.045165
  q_3         lambda=0.915409
  k_3         lambda=0.915409
  v_3         lambda=0.915409
  c_3         lambda=0.151936
  f1_3        lambda=0.973522
  f2_3        lambda=0.045126
Results saved to /mnt/HIVE/NSTrainer/ns_chat_v2_results.txt
